// Jest Snapshot v1, https://goo.gl/fbAQLP

exports[`ImageCarousel should render 1`] = `
Object {
  "getImageCarousel": [Function],
  "getInstance": [Function],
}
`;
