// Jest Snapshot v1, https://goo.gl/fbAQLP

exports[`Container Mocking HomeContainer Mocks correctly 1`] = `[Function]`;
