// Jest Snapshot v1, https://goo.gl/fbAQLP

exports[`HomeContainer Renders correctly 1`] = `
<Fragment>
  <h1>
    Products
  </h1>
  <div
    className="products-container"
  >
    <Product
      key="1234"
      product={
        Object {
          "image": "https://media.4rgos.it/s/Argos/9805244_R_SET?$Web$&w=110&h=130",
          "price": "499.00",
          "productId": "1234",
          "title": "Test Product",
        }
      }
    />
  </div>
</Fragment>
`;
