// Jest Snapshot v1, https://goo.gl/fbAQLP

exports[`App.jsx Mocking App Mocks correctly 1`] = `
<MainLayout>
  <Switch>
    <Route
      component={[Function]}
      exact={true}
      path="/"
    />
  </Switch>
</MainLayout>
`;
